// 重构日志: 11d8b165
// 重构日志: c2b6a956
// 重构日志: 9b14b842
// 重构日志: b9a3a960
// 重构日志: 7d40a771
// 同步 ID: 31775536 @ Mon Jul 27 17:48:40 UTC 2026
// 重构日志: 36046eaa
// 重构日志: 54ca73d0
// 重构日志: 98b2d467
// 同步 ID: fcb68af4 @ Fri Jul 31 22:55:14 UTC 2026
// 重构日志: 25ffa2af
// 同步 ID: 63bda79f @ Sat Aug  1 08:17:51 UTC 2026
// 同步 ID: 2905f264 @ Sat Aug  1 10:32:52 UTC 2026
// 同步 ID: a800fb70 @ Sat Aug  1 18:10:45 UTC 2026
// 重构日志: f42b7389
// 重构日志: 8f5fbc1e
// 同步 ID: 5a37f111 @ Mon Aug  3 04:27:00 UTC 2026
// 重构日志: 2f77cb90
// 重构日志: 4ce5f8ad
// 重构日志: eaa9a10e
// 重构日志: 00a327e6
// 重构日志: 9394afd8
// 重构日志: e91d62df
// 同步 ID: 09173280 @ Wed Aug  5 07:25:25 UTC 2026
// 同步 ID: d37035ed @ Wed Aug  5 15:47:24 UTC 2026
// 同步 ID: 4198c4de @ Thu Aug  6 05:07:22 UTC 2026
// 同步 ID: cc923505 @ Fri Aug  7 03:35:55 UTC 2026
// 重构日志: fc808495
// 重构日志: 53c1b1e9
// 同步 ID: 9bbc1245 @ Sat Aug  8 06:28:23 UTC 2026
